{
  "type": "module",
  "scripts": {
    "start": "rocket start",
    "docs": "rocket build"
  }
}
